This is pdfTeX, Version 3.141592653-2.6-1.40.27 (TeX Live 2025) (preloaded format=pdflatex 2025.3.8)  12 MAR 2026 10:00
entering extended mode
 \write18 enabled.
 file:line:error style messages enabled.
 %&-line parsing enabled.
**Figure-2dG
(./Figure-2dG
LaTeX2e <2024-11-01> patch level 2
L3 programming layer <2025-01-18>
./Figure-2dG:3: Undefined control sequence.
l.3 \colorlet
             {odd plane}{black!20}
? 
./Figure-2dG:3: Emergency stop.
l.3 
    
End of file on the terminal!

 
Here is how much of TeX's memory you used:
 14 strings out of 473190
 348 string characters out of 34465801
 391984 words of memory out of 5000000
 23367 multiletter control sequences out of 15000+600000
 558837 words of font info for 36 fonts, out of 8000000 for 9000
 1141 hyphenation exceptions out of 8191
 12i,0n,13p,43b,8s stack positions out of 10000i,1000n,20000p,200000b,200000s
./Figure-2dG:3:  ==> Fatal error occurred, no output PDF file produced!
